// Jest Snapshot v1, https://goo.gl/fbAQLP

exports[`note matches snapshot 1`] = `
<div
  className="card"
>
  <div
    className="card__title"
  >
    <section
      className="card__title-text"
    >
      <p>
        Test note
      </p>
    </section>
    <section
      className="card__title-actions"
    >
      <a
        href="/edit/undefined"
        onClick={[Function]}
      >
        <button
          className="action"
        >
          <img
            alt="edit"
            src="pen.png"
          />
        </button>
      </a>
      <button
        className="action"
        onClick={[Function]}
      >
        <img
          alt="delete"
          src="trashcan.png"
        />
      </button>
      <button
        className="action"
        data-testid="mark-note"
        onClick={[Function]}
        style={
          Object {
            "display": "flex",
          }
        }
      >
        <img
          alt="important note"
          src="emptyheart.png"
        />
      </button>
    </section>
  </div>
  <div
    className="card__body"
  >
    <div
      className="card__body-row"
    >
      <label>
        Task: 
      </label>
      <span>
        Note made for testing
      </span>
    </div>
    <div
      className="card__body-row"
    >
      <label>
        Created: 
      </label>
      <span>
        today
      </span>
    </div>
    <div
      className="card__body-row"
    >
      <label>
        Last modified: 
      </label>
      <span>
        N/A
      </span>
    </div>
  </div>
  <div
    className="card__footer"
  >
    <section
      className="card__footer--side left"
    >
      <div
        className="alarm--open"
        id="open-alarm/undefined"
        style={
          Object {
            "display": "none",
          }
        }
      >
        <button
          className="action"
          onClick={[Function]}
        >
          <img
            alt="Make notification"
            src="alarm.png"
          />
        </button>
      </div>
      <div
        className="alarm--set"
        id="set-alarm/undefined"
      >
        <label>
          hrs 
        </label>
        <select
          id="hours/undefined"
        >
          <option>
            0
          </option>
          <option>
            1
          </option>
          <option>
            2
          </option>
          <option>
            3
          </option>
          <option>
            4
          </option>
          <option>
            5
          </option>
          <option>
            6
          </option>
          <option>
            7
          </option>
          <option>
            8
          </option>
          <option>
            9
          </option>
          <option>
            10
          </option>
          <option>
            11
          </option>
          <option>
            12
          </option>
          <option>
            13
          </option>
          <option>
            14
          </option>
          <option>
            15
          </option>
          <option>
            16
          </option>
          <option>
            17
          </option>
          <option>
            18
          </option>
          <option>
            19
          </option>
          <option>
            20
          </option>
          <option>
            21
          </option>
          <option>
            22
          </option>
          <option>
            23
          </option>
        </select>
        <label>
           min 
        </label>
        <select
          id="minutes/undefined"
        >
          <option>
            00
          </option>
          <option>
            01
          </option>
          <option>
            02
          </option>
          <option>
            03
          </option>
          <option>
            04
          </option>
          <option>
            05
          </option>
          <option>
            06
          </option>
          <option>
            07
          </option>
          <option>
            08
          </option>
          <option>
            09
          </option>
          <option>
            10
          </option>
          <option>
            11
          </option>
          <option>
            12
          </option>
          <option>
            13
          </option>
          <option>
            14
          </option>
          <option>
            15
          </option>
          <option>
            16
          </option>
          <option>
            17
          </option>
          <option>
            18
          </option>
          <option>
            19
          </option>
          <option>
            20
          </option>
          <option>
            21
          </option>
          <option>
            22
          </option>
          <option>
            23
          </option>
          <option>
            24
          </option>
          <option>
            25
          </option>
          <option>
            26
          </option>
          <option>
            27
          </option>
          <option>
            28
          </option>
          <option>
            29
          </option>
          <option>
            30
          </option>
          <option>
            31
          </option>
          <option>
            32
          </option>
          <option>
            33
          </option>
          <option>
            34
          </option>
          <option>
            35
          </option>
          <option>
            36
          </option>
          <option>
            37
          </option>
          <option>
            38
          </option>
          <option>
            39
          </option>
          <option>
            40
          </option>
          <option>
            41
          </option>
          <option>
            42
          </option>
          <option>
            43
          </option>
          <option>
            44
          </option>
          <option>
            45
          </option>
          <option>
            46
          </option>
          <option>
            47
          </option>
          <option>
            48
          </option>
          <option>
            49
          </option>
          <option>
            50
          </option>
          <option>
            51
          </option>
          <option>
            52
          </option>
          <option>
            53
          </option>
          <option>
            54
          </option>
          <option>
            55
          </option>
          <option>
            56
          </option>
          <option>
            57
          </option>
          <option>
            58
          </option>
          <option>
            59
          </option>
        </select>
         
        <button
          className="action small"
          onClick={[Function]}
        >
          <img
            alt="Set alarm"
            src="accept.png"
          />
        </button>
         
        <button
          className="action small"
          onClick={[Function]}
        >
          <img
            alt="Cancel alarm"
            src="cancel.png"
          />
        </button>
      </div>
      <div
        className="alarm"
        id="active-alarm/undefined"
        style={
          Object {
            "display": "flex",
          }
        }
      >
        <p>
          Alarm set for 
          21:00
        </p>
         
        <button
          className="action small"
          onClick={[Function]}
        >
          <img
            alt="Cancel alarm"
            src="cancel.png"
          />
        </button>
      </div>
    </section>
    <section
      className="card__footer--side"
    >
      <a
        href="/print/undefined"
        onClick={[Function]}
      >
        <button
          className="action"
        >
          <img
            alt="Save to PDF"
            src="printer.png"
          />
        </button>
      </a>
    </section>
  </div>
</div>
`;
